// Vitest Snapshot v1, https://vitest.dev/guide/snapshot.html

exports[`ComponentShowcase > renders and matches snapshot 1`] = `
<DocumentFragment>
  <div
    class=""
    style="width: 100%; max-width: 1200px; margin: 0px auto; padding: 16px;"
  >
    <header
      class=""
      style="position: sticky; top: 0px; left: 0px; right: 0px; z-index: 1000; background-color: rgb(255, 255, 255); box-shadow: 0 1px 2px 0 rgba(0, 0, 0, 0.05); padding: 16px 24px; transition: 300ms ease-in-out;"
    >
      <div
        style="display: flex; align-items: center; justify-content: space-between; gap: 16px; max-width: 1200px; margin: 0px auto; width: 100%;"
      >
        <div
          style="display: flex; align-items: center; min-width: 44px; min-height: 44px;"
        />
        <div
          style="flex: 1 1 0%; text-align: center;"
        >
          <h1
            style="font-size: 24px; font-weight: 700; color: white; margin: 0px;"
          >
            React Component Showcase
          </h1>
          <p
            style="font-size: 14px; color: rgb(109, 76, 65); margin-top: 4px;"
          >
            Mobile-first components built with TypeScript
          </p>
        </div>
        <div
          style="display: flex; align-items: center; min-width: 44px; min-height: 44px;"
        />
      </div>
    </header>
    <div
      class=""
      style="width: 100%;"
    >
      <div
        role="tablist"
        style="display: flex; align-items: center; margin-bottom: 0px; gap: 0; padding: 0px; background-color: transparent; border-radius: 0;"
      >
        <button
          aria-controls="tabpanel-layout"
          aria-selected="true"
          role="tab"
          style="flex: 0 0 auto; display: flex; align-items: center; justify-content: center; gap: 4px; padding: 8px 16px; background-color: transparent; cursor: pointer; opacity: 1; transition: 150ms ease-in-out; position: relative; font-size: 16px; font-weight: 600; color: rgb(139, 105, 82); border-bottom: 3px solid rgb(139, 105, 82); margin-bottom: -2px;"
        >
          <span>
            Layout
          </span>
        </button>
        <button
          aria-controls="tabpanel-navigation"
          aria-selected="false"
          role="tab"
          style="flex: 0 0 auto; display: flex; align-items: center; justify-content: center; gap: 4px; padding: 8px 16px; background-color: transparent; cursor: pointer; opacity: 1; transition: 150ms ease-in-out; position: relative; font-size: 16px; font-weight: 400; color: rgb(109, 76, 65); border-bottom: 3px solid transparent; margin-bottom: -2px;"
        >
          <span>
            Navigation
          </span>
        </button>
        <button
          aria-controls="tabpanel-form"
          aria-selected="false"
          role="tab"
          style="flex: 0 0 auto; display: flex; align-items: center; justify-content: center; gap: 4px; padding: 8px 16px; background-color: transparent; cursor: pointer; opacity: 1; transition: 150ms ease-in-out; position: relative; font-size: 16px; font-weight: 400; color: rgb(109, 76, 65); border-bottom: 3px solid transparent; margin-bottom: -2px;"
        >
          <span>
            Forms
          </span>
        </button>
        <button
          aria-controls="tabpanel-feedback"
          aria-selected="false"
          role="tab"
          style="flex: 0 0 auto; display: flex; align-items: center; justify-content: center; gap: 4px; padding: 8px 16px; background-color: transparent; cursor: pointer; opacity: 1; transition: 150ms ease-in-out; position: relative; font-size: 16px; font-weight: 400; color: rgb(109, 76, 65); border-bottom: 3px solid transparent; margin-bottom: -2px;"
        >
          <span>
            Feedback
          </span>
        </button>
        <button
          aria-controls="tabpanel-display"
          aria-selected="false"
          role="tab"
          style="flex: 0 0 auto; display: flex; align-items: center; justify-content: center; gap: 4px; padding: 8px 16px; background-color: transparent; cursor: pointer; opacity: 1; transition: 150ms ease-in-out; position: relative; font-size: 16px; font-weight: 400; color: rgb(109, 76, 65); border-bottom: 3px solid transparent; margin-bottom: -2px;"
        >
          <span>
            Data Display
          </span>
        </button>
        <button
          aria-controls="tabpanel-media"
          aria-selected="false"
          role="tab"
          style="flex: 0 0 auto; display: flex; align-items: center; justify-content: center; gap: 4px; padding: 8px 16px; background-color: transparent; cursor: pointer; opacity: 1; transition: 150ms ease-in-out; position: relative; font-size: 16px; font-weight: 400; color: rgb(109, 76, 65); border-bottom: 3px solid transparent; margin-bottom: -2px;"
        >
          <span>
            Media
          </span>
        </button>
        <button
          aria-controls="tabpanel-interactive"
          aria-selected="false"
          role="tab"
          style="flex: 0 0 auto; display: flex; align-items: center; justify-content: center; gap: 4px; padding: 8px 16px; background-color: transparent; cursor: pointer; opacity: 1; transition: 150ms ease-in-out; position: relative; font-size: 16px; font-weight: 400; color: rgb(109, 76, 65); border-bottom: 3px solid transparent; margin-bottom: -2px;"
        >
          <span>
            Interactive
          </span>
        </button>
        <button
          aria-controls="tabpanel-utility"
          aria-selected="false"
          role="tab"
          style="flex: 0 0 auto; display: flex; align-items: center; justify-content: center; gap: 4px; padding: 8px 16px; background-color: transparent; cursor: pointer; opacity: 1; transition: 150ms ease-in-out; position: relative; font-size: 16px; font-weight: 400; color: rgb(109, 76, 65); border-bottom: 3px solid transparent; margin-bottom: -2px;"
        >
          <span>
            Utility
          </span>
        </button>
      </div>
      <div
        aria-labelledby="tab-layout"
        id="tabpanel-layout"
        role="tabpanel"
        style="padding: 24px; animation: fadeIn 0.3s ease-in-out;"
      >
        <div>
          <section
            style="margin-bottom: 48px;"
          >
            <h2
              style="margin-bottom: 24px; color: rgb(139, 105, 82);"
            >
              Grid System
            </h2>
            <div
              style="padding: 24px; background-color: rgb(250, 247, 242); border-radius: 8px; margin-bottom: 16px;"
            >
              <style>
                
      @media (max-width: 480px) {
        .responsive-grid-3tkmm1l27 {
          --grid-columns: repeat(1, 1fr);
        }
      }
      @media (min-width: 480px) and (max-width: 768px) {
        .responsive-grid-3tkmm1l27 {
          --grid-columns: repeat(2, 1fr);
        }
      }
      @media (min-width: 768px) {
        .responsive-grid-3tkmm1l27 {
          --grid-columns: repeat(3, 1fr);
        }
      }
    
              </style>
              <div
                class="responsive-grid-3tkmm1l27 "
                style="display: grid; grid-template-columns: var(--grid-columns); gap: 16px; align-items: stretch; justify-items: stretch; width: 100%;"
              >
                <div
                  class=""
                  style="background-color: rgb(255, 255, 255); border-radius: 16px; padding: 16px; box-shadow: 0 4px 6px -1px rgba(0, 0, 0, 0.1), 0 2px 4px -1px rgba(0, 0, 0, 0.06); cursor: default; transition: all 300ms ease-in-out;"
                >
                  Grid Item 1
                </div>
                <div
                  class=""
                  style="background-color: rgb(255, 255, 255); border-radius: 16px; padding: 16px; box-shadow: 0 4px 6px -1px rgba(0, 0, 0, 0.1), 0 2px 4px -1px rgba(0, 0, 0, 0.06); cursor: default; transition: all 300ms ease-in-out;"
                >
                  Grid Item 2
                </div>
                <div
                  class=""
                  style="background-color: rgb(255, 255, 255); border-radius: 16px; padding: 16px; box-shadow: 0 4px 6px -1px rgba(0, 0, 0, 0.1), 0 2px 4px -1px rgba(0, 0, 0, 0.06); cursor: default; transition: all 300ms ease-in-out;"
                >
                  Grid Item 3
                </div>
                <div
                  class=""
                  style="background-color: rgb(255, 255, 255); border-radius: 16px; padding: 16px; box-shadow: 0 4px 6px -1px rgba(0, 0, 0, 0.1), 0 2px 4px -1px rgba(0, 0, 0, 0.06); cursor: default; transition: all 300ms ease-in-out;"
                >
                  Grid Item 4
                </div>
                <div
                  class=""
                  style="background-color: rgb(255, 255, 255); border-radius: 16px; padding: 16px; box-shadow: 0 4px 6px -1px rgba(0, 0, 0, 0.1), 0 2px 4px -1px rgba(0, 0, 0, 0.06); cursor: default; transition: all 300ms ease-in-out;"
                >
                  Grid Item 5
                </div>
                <div
                  class=""
                  style="background-color: rgb(255, 255, 255); border-radius: 16px; padding: 16px; box-shadow: 0 4px 6px -1px rgba(0, 0, 0, 0.1), 0 2px 4px -1px rgba(0, 0, 0, 0.06); cursor: default; transition: all 300ms ease-in-out;"
                >
                  Grid Item 6
                </div>
              </div>
            </div>
          </section>
          <section
            style="margin-bottom: 48px;"
          >
            <h2
              style="margin-bottom: 24px; color: rgb(139, 105, 82);"
            >
              Flexbox Layout
            </h2>
            <div
              style="padding: 24px; background-color: rgb(250, 247, 242); border-radius: 8px; margin-bottom: 16px;"
            >
              <div
                class=""
                style="display: flex; flex-direction: row; flex-wrap: nowrap; justify-content: space-between; align-items: center; gap: 16px;"
              >
                <div
                  class=""
                  style="background-color: rgb(255, 255, 255); border-radius: 16px; padding: 16px; box-shadow: 0 4px 6px -1px rgba(0, 0, 0, 0.1), 0 2px 4px -1px rgba(0, 0, 0, 0.06); cursor: default; transition: all 300ms ease-in-out;"
                >
                  Flex Item 1
                </div>
                <div
                  class=""
                  style="background-color: rgb(255, 255, 255); border-radius: 16px; padding: 16px; box-shadow: 0 4px 6px -1px rgba(0, 0, 0, 0.1), 0 2px 4px -1px rgba(0, 0, 0, 0.06); cursor: default; transition: all 300ms ease-in-out;"
                >
                  Flex Item 2
                </div>
                <div
                  class=""
                  style="background-color: rgb(255, 255, 255); border-radius: 16px; padding: 16px; box-shadow: 0 4px 6px -1px rgba(0, 0, 0, 0.1), 0 2px 4px -1px rgba(0, 0, 0, 0.06); cursor: default; transition: all 300ms ease-in-out;"
                >
                  Flex Item 3
                </div>
              </div>
            </div>
          </section>
          <section
            style="margin-bottom: 48px;"
          >
            <h2
              style="margin-bottom: 24px; color: rgb(139, 105, 82);"
            >
              Sidebar
            </h2>
            <div
              style="padding: 24px; background-color: rgb(250, 247, 242); border-radius: 8px; margin-bottom: 16px;"
            >
              <button
                style="padding: 8px 24px; border-radius: 16px; font-size: 16px; font-weight: 600; transition: 150ms ease-in-out; display: inline-flex; align-items: center; justify-content: center; gap: 8px; width: auto; min-height: 44px; cursor: pointer; opacity: 1; background-color: rgb(139, 105, 82); color: white; box-shadow: 0 4px 6px -1px rgba(0, 0, 0, 0.1), 0 2px 4px -1px rgba(0, 0, 0, 0.06);"
              >
                Open Sidebar
              </button>
            </div>
          </section>
        </div>
      </div>
      <style>
        
        @keyframes fadeIn {
          from {
            opacity: 0;
            transform: translateY(-10px);
          }
          to {
            opacity: 1;
            transform: translateY(0);
          }
        }
      
      </style>
    </div>
    <div
      style="position: fixed; top: 24px; right: 24px; z-index: 2000; display: flex; flex-direction: column; gap: 8px; pointer-events: none;"
    />
    <button
      aria-label="Scroll to top"
      class=""
      style="position: fixed; bottom: 32px; right: 32px; background-color: rgb(139, 105, 82); color: white; width: 48px; height: 48px; border-radius: 50%; display: flex; align-items: center; justify-content: center; box-shadow: 0 10px 15px -3px rgba(0, 0, 0, 0.1), 0 4px 6px -2px rgba(0, 0, 0, 0.05); cursor: pointer; opacity: 0; visibility: hidden; transform: translateY(20px); transition: 300ms ease-in-out; z-index: 1000;"
    >
      <svg
        fill="currentColor"
        height="24"
        viewBox="0 0 24 24"
        width="24"
      >
        <path
          d="M7.41 15.41L12 10.83l4.59 4.58L18 14l-6-6-6 6z"
        />
      </svg>
    </button>
  </div>
</DocumentFragment>
`;
