// Vitest Snapshot v1, https://vitest.dev/guide/snapshot.html

exports[`LessonPage > renders and matches snapshot for echo lesson 1`] = `
<DocumentFragment>
  <div
    style="min-height: 100vh; background-color: rgb(250, 247, 242); display: flex; flex-direction: column;"
  >
    <div
      style="background-color: rgb(139, 105, 82); color: white; padding: 24px; display: flex; align-items: center; gap: 16px;"
    >
      <button
        style="background: none; color: white; cursor: pointer; padding: 8px;"
      >
        <svg
          aria-label="back icon"
          class=""
          fill="currentColor"
          style="width: 24px; height: 24px; color: white; cursor: default; transition: 150ms ease-in-out;"
          viewBox="0 0 24 24"
        >
          <path
            d="M20 11H7.83l5.59-5.59L12 4l-8 8 8 8 1.41-1.41L7.83 13H20v-2z"
          />
        </svg>
      </button>
      <h1
        style="font-size: 24px; font-weight: 600; flex: 1 1 0%;"
      >
        Echo with Kooka
      </h1>
    </div>
    <div
      style="height: 8px; background-color: rgb(215, 204, 200); position: relative;"
    >
      <div
        style="position: absolute; left: 0px; top: 0px; height: 100%; background-color: rgb(111, 168, 220); width: 0%; transition: width 300ms ease-out;"
      />
    </div>
    <div
      style="flex: 1 1 0%; display: flex; align-items: center; justify-content: center; padding: 16px;"
    >
      <div
        class=""
        style="width: 100%; max-width: 600px; margin: 0px auto; padding: 16px;"
      >
        <div
          class=""
          style="background-color: rgb(255, 255, 255); border-radius: 16px; padding: 16px; box-shadow: 0 4px 6px -1px rgba(0, 0, 0, 0.1), 0 2px 4px -1px rgba(0, 0, 0, 0.06); cursor: default; transition: all 300ms ease-in-out; text-align: center;"
        >
          <div
            style="font-size: 60px; margin-bottom: 24px;"
          >
            <svg
              aria-label="play icon"
              class=""
              fill="currentColor"
              style="width: 60px; height: 60px; color: rgb(139, 105, 82); cursor: default; transition: 150ms ease-in-out;"
              viewBox="0 0 24 24"
            >
              <path
                d="M8 5v14l11-7z"
              />
            </svg>
          </div>
          <h2
            style="font-size: 32px; font-weight: 700; color: rgb(93, 64, 55); margin-bottom: 24px;"
          >
            Echo Challenge
          </h2>
          <p
            style="font-size: 20px; color: rgb(62, 39, 35); margin-bottom: 32px; line-height: 1.6;"
          >
            Listen carefully to the sound, then repeat it back
          </p>
          <button
            style="padding: 16px 32px; border-radius: 16px; font-size: 20px; font-weight: 600; transition: 150ms ease-in-out; display: inline-flex; align-items: center; justify-content: center; gap: 8px; width: auto; min-height: 56px; cursor: pointer; opacity: 1; background-color: rgb(139, 105, 82); color: white; box-shadow: 0 4px 6px -1px rgba(0, 0, 0, 0.1), 0 2px 4px -1px rgba(0, 0, 0, 0.06);"
          >
            Let's Start!
          </button>
        </div>
      </div>
    </div>
  </div>
</DocumentFragment>
`;
