// Vitest Snapshot v1, https://vitest.dev/guide/snapshot.html

exports[`SplashPage > renders and matches snapshot 1`] = `
<DocumentFragment>
  <div
    style="display: flex; flex-direction: column; align-items: center; justify-content: center; min-height: 100vh; background: linear-gradient(135deg, #FAF6F2 0%, #F2E8DD 100%); padding: 32px; position: relative; overflow: hidden;"
  >
    <div
      style="position: absolute; top: -20%; right: -10%; width: 400px; height: 400px; background: linear-gradient(135deg, #4B708B 0%, #6B8CAB 100%); border-radius: 50%; filter: blur(100px); opacity: 0.3; animation: pulse 2s ease-in-out infinite; pointer-events: none;"
    />
    <div
      style="position: absolute; bottom: -20%; left: -10%; width: 400px; height: 400px; background: linear-gradient(135deg, #6B5843 0%, #8B7355 50%, #D4C4B0 100%); border-radius: 50%; filter: blur(100px); opacity: 0.3; animation: pulse 2s ease-in-out infinite; animation-delay: 1s; pointer-events: none;"
    />
    <div
      style="opacity: 0; transform: scale(0.8); transition: all 0.6s cubic-bezier(0.68, -0.55, 0.265, 1.55); text-align: center; z-index: 1;"
    >
      <img
        alt="Kooka the Kookaburra waving hello"
        src="/img/kooka-burra-waiving.png"
        style="width: 280px; filter: drop-shadow(0 20px 25px -5px rgba(0, 0, 0, 0.08), 0 10px 10px -5px rgba(0, 0, 0, 0.02)); transform: rotate(-5deg); margin-bottom: 64px;"
      />
      <h1
        style="font-size: 64px; font-weight: 800; background: linear-gradient(135deg, #8B7355 0%, #A68B68 100%); -webkit-text-fill-color: transparent; background-clip: text; margin-bottom: 16px; text-align: center; letter-spacing: -0.03em; text-shadow: 0 2px 10px rgba(0,0,0,0.1);"
      >
        Kooka Sing
      </h1>
      <p
        style="font-size: 24px; color: rgb(107, 88, 67); margin-bottom: 32px; text-align: center; max-width: 400px; line-height: 1.6; font-weight: 500;"
      >
        Join Kooka the Kookaburra on a magical journey to discover your singing voice!
      </p>
      <div
        style="margin-top: 32px;"
      >
        <div
          style="display: inline-flex; gap: 5px; align-items: flex-end; height: 60px;"
        >
          <div
            style="width: 7.5px; height: 100%; background: linear-gradient(135deg, #4B708B 0%, #6B8CAB 100%); border-radius: 3.75px; animation: pulse 1.2s ease-in-out 0s infinite; transform-origin: bottom;"
          />
          <div
            style="width: 7.5px; height: 100%; background: linear-gradient(135deg, #4B708B 0%, #6B8CAB 100%); border-radius: 3.75px; animation: pulse 1.2s ease-in-out 0.15s infinite; transform-origin: bottom;"
          />
          <div
            style="width: 7.5px; height: 100%; background: linear-gradient(135deg, #4B708B 0%, #6B8CAB 100%); border-radius: 3.75px; animation: pulse 1.2s ease-in-out 0.3s infinite; transform-origin: bottom;"
          />
          <div
            style="width: 7.5px; height: 100%; background: linear-gradient(135deg, #4B708B 0%, #6B8CAB 100%); border-radius: 3.75px; animation: pulse 1.2s ease-in-out 0.44999999999999996s infinite; transform-origin: bottom;"
          />
        </div>
        <p
          style="font-size: 14px; color: rgb(139, 115, 85); margin-top: 16px; font-style: italic;"
        >
          Preparing your adventure...
        </p>
      </div>
    </div>
    <div
      style="position: absolute; bottom: 10%; left: 10%; font-size: 30px; animation: float 4s ease-in-out infinite; animation-delay: 0.5s; opacity: 0.3; pointer-events: none;"
    >
      <img
        alt="Floating Kooka"
        src="/img/kooka-burra-breathing.png"
        style="width: 40px; border-radius: 50%; transform: rotate(15deg);"
      />
    </div>
    <div
      style="position: absolute; top: 20%; right: 15%; font-size: 25px; animation: float 5s ease-in-out infinite; animation-delay: 1.5s; opacity: 0.15; pointer-events: none;"
    >
      <img
        alt="Floating Kooka"
        src="/img/kooka-burra-calling-out.png"
        style="width: 50px; border-radius: 50%; transform: rotate(-10deg);"
      />
    </div>
    <div
      style="position: absolute; top: 50%; left: 5%; font-size: 20px; animation: float 6s ease-in-out infinite; animation-delay: 2s; opacity: 0.1; pointer-events: none;"
    >
      <img
        alt="Floating Kooka"
        src="/img/kooka-burra-waiving.png"
        style="width: 35px; border-radius: 50%; transform: rotate(25deg);"
      />
    </div>
  </div>
</DocumentFragment>
`;
