// Vitest Snapshot v1, https://vitest.dev/guide/snapshot.html

exports[`Button > renders primary medium button snapshot 1`] = `
<DocumentFragment>
  <button
    style="padding: 16px 24px; border-radius: 9999px; font-size: 16px; font-weight: 600; transition: none; display: inline-flex; align-items: center; justify-content: center; gap: 8px; width: auto; min-height: 44px; cursor: pointer; opacity: 1; position: relative; overflow: hidden; text-decoration: none; white-space: nowrap; user-select: none; flex-direction: row; background-color: rgb(139, 115, 85); color: rgb(250, 246, 242); box-shadow: 0 4px 6px -1px rgba(0, 0, 0, 0.07), 0 2px 4px -1px rgba(0, 0, 0, 0.04);"
  >
    Click me
  </button>
</DocumentFragment>
`;
