// Vitest Snapshot v1, https://vitest.dev/guide/snapshot.html

exports[`Card > renders with default padding snapshot 1`] = `
<DocumentFragment>
  <div
    class=""
    style="border-radius: 20px; padding: 24px; cursor: default; transition: 400ms cubic-bezier(0.4, 0, 0.2, 1); position: relative; overflow: hidden; background-color: rgb(255, 255, 255); box-shadow: 0 2px 4px -1px rgba(0, 0, 0, 0.06), 0 1px 2px -1px rgba(0, 0, 0, 0.04); border: 1px solid rgb(245, 245, 240);"
  >
    <div
      style="position: relative; z-index: 1;"
    >
      Content
    </div>
  </div>
</DocumentFragment>
`;
