// Vitest Snapshot v1, https://vitest.dev/guide/snapshot.html

exports[`Header > renders with title and subtitle snapshot 1`] = `
<DocumentFragment>
  <header
    class=""
    style="position: sticky; top: 0px; left: 0px; right: 0px; z-index: 1000; background-color: rgb(255, 255, 255); box-shadow: 0 1px 2px 0 rgba(0, 0, 0, 0.05); padding: 16px 24px; transition: 300ms ease-in-out;"
  >
    <div
      style="display: flex; align-items: center; justify-content: space-between; gap: 16px; max-width: 1200px; margin: 0px auto; width: 100%;"
    >
      <div
        style="display: flex; align-items: center; min-width: 44px; min-height: 44px;"
      />
      <div
        style="flex: 1 1 0%; text-align: center;"
      >
        <h1
          style="font-size: 24px; font-weight: 700; color: white; margin: 0px;"
        >
          Hello
        </h1>
        <p
          style="font-size: 14px; color: rgb(109, 76, 65); margin-top: 4px;"
        >
          World
        </p>
      </div>
      <div
        style="display: flex; align-items: center; min-width: 44px; min-height: 44px;"
      />
    </div>
  </header>
</DocumentFragment>
`;
