// Vitest Snapshot v1, https://vitest.dev/guide/snapshot.html

exports[`Navbar > renders with links snapshot 1`] = `
<DocumentFragment>
  <nav
    class=""
    style="position: sticky; top: 0px; left: 0px; right: 0px; background-color: rgb(255, 255, 255); box-shadow: 0 1px 2px 0 rgba(0, 0, 0, 0.05); transition: 300ms ease-in-out; z-index: 1000;"
  >
    <div
      style="max-width: 1200px; margin: 0px auto; padding: 16px 24px; display: flex; align-items: center; justify-content: space-between;"
    >
      <div
        style="font-size: 24px; font-weight: 700; color: rgb(139, 105, 82); display: flex; align-items: center; gap: 8px;"
      >
        Kooka
      </div>
      <div
        class="navbar-desktop-links"
        style="display: flex; align-items: center; gap: 24px;"
      >
        <a
          href="#"
          style="display: flex; align-items: center; gap: 4px; padding: 8px 16px; border-radius: 8px; font-size: 16px; font-weight: 600; color: rgb(139, 105, 82); background-color: rgb(215, 204, 200); transition: 150ms ease-in-out; cursor: pointer;"
        >
          Home
        </a>
        <a
          href="#"
          style="display: flex; align-items: center; gap: 4px; padding: 8px 16px; border-radius: 8px; font-size: 16px; font-weight: 400; color: rgb(62, 39, 35); background-color: transparent; transition: 150ms ease-in-out; cursor: pointer;"
        >
          About
        </a>
      </div>
      <button
        aria-label="Toggle mobile menu"
        class="navbar-mobile-button"
        style="display: flex; width: 40px; height: 40px; align-items: center; justify-content: center; border-radius: 8px; background-color: transparent; cursor: pointer; transition: 150ms ease-in-out;"
      >
        <div
          style="display: flex; flex-direction: column; gap: 4px;"
        >
          <div
            style="width: 24px; height: 2px; background-color: rgb(62, 39, 35); transition: 150ms ease-in-out; transform: none;"
          />
          <div
            style="width: 24px; height: 2px; background-color: rgb(62, 39, 35); transition: 150ms ease-in-out; opacity: 1;"
          />
          <div
            style="width: 24px; height: 2px; background-color: rgb(62, 39, 35); transition: 150ms ease-in-out; transform: none;"
          />
        </div>
      </button>
    </div>
    <div
      style="position: absolute; top: 100%; left: 0px; right: 0px; background-color: rgb(255, 255, 255); box-shadow: 0 10px 15px -3px rgba(0, 0, 0, 0.1), 0 4px 6px -2px rgba(0, 0, 0, 0.05); max-height: 0; overflow: hidden; transition: 300ms ease-in-out;"
    >
      <div
        style="padding: 16px; display: flex; flex-direction: column; gap: 4px;"
      >
        <a
          href="#"
          style="display: flex; align-items: center; gap: 4px; padding: 8px 16px; border-radius: 8px; font-size: 16px; font-weight: 600; color: rgb(139, 105, 82); background-color: rgb(215, 204, 200); transition: 150ms ease-in-out; cursor: pointer;"
        >
          Home
        </a>
        <a
          href="#"
          style="display: flex; align-items: center; gap: 4px; padding: 8px 16px; border-radius: 8px; font-size: 16px; font-weight: 400; color: rgb(62, 39, 35); background-color: transparent; transition: 150ms ease-in-out; cursor: pointer;"
        >
          About
        </a>
      </div>
    </div>
    <style>
      
        @media (max-width: 768px) {
          .navbar-desktop-links { display: none !important; }
          .navbar-mobile-button { display: flex !important; }
        }
        @media (min-width: 769px) {
          .navbar-desktop-links { display: flex !important; }
          .navbar-mobile-button { display: none !important; }
        }
      
    </style>
  </nav>
</DocumentFragment>
`;
